// Jest Snapshot v1, https://goo.gl/fbAQLP

exports[`Correctly render scalebar: at different scales in Gb 1`] = `"data:image/png;base64,iVBORw0KGgoAAAANSUhEUgAAA+gAAAAUCAYAAAAeGxcbAAAABmJLR0QA/wD/AP+gvaeTAAAFTUlEQVR4nO3dW6gVVRzH8e8+HqkwLU3TLIuyNEwlu5iaRncKii6EED1JD0lEFlRidHmIisgeJOihSDKkC2WXF6mQCLoXXc3UoyfFtJuRPfRQIdXDfzZnzrj38ehs12zb38/L3rNmnTmL+TF7z5pZs3YN+BdJkiRJklSp7gO03VoLt3UgLiDYvnJsXzm2rxzbV47tK8f2lWP7yrF95di+cmxfObavnI5pX1erNiRJkiRJkvZfDYe4S5IkSZIk7cELJu3FPNqLebQX82gv5tFezKO9mEd7MY/2Yh5txCHukiRJkiRJkiRJkiSpfa0EdgJrB6gzC/gCWA/cPYjyvKOAFUAPsAX4CLgmWzcu+3uFCcAaYDvQC9zSpJ55pDEE+JTYT9uAx2g8a6Z5pNUFfAi822S9eaSzk/is6qX5d4h5pHMEsAr4GfgOmNGgjnmkMYm+Y6MX+AO4q0E980hnIfAtsBF4FRjRoI55pLMI2AB8hee70h7OB86m+clVF/HlMg0YCnwMnDtAeV6NOJF+KKsDMBm4P3vvAdLfBOC87P3RREd9SqGOeaRTI/YJwKHAB8DlhTrmkd5C4Hkad9DNI60f97LePNJaBSwh9t0IYFRhvXlUowZsJTrteeaRzkjgl+wV4FngtkId80hnGrAZGA4cQpxfTS3UMQ91vJNp3kE/g7iLWHcrsHSA8rxzgE00n39gXPZ/nwQ+A14jDlaFNcDFhTLzqMYw4urrZYVy80hrLPAOMJfGHXTzSGtvHXTzSOcY4Cf6TkYbMY9qzKP//q0zj3RGESN+xhOj414G5hfqmEc684EXcsuPAPcV6phHIk4Sd3AaD+zILX8PHDtAed5k4grVPwNs/zRgOXAmcTDdXrK9/xdTgJOITmGeeaTXA/xKfJi/VVhnHmk9CtwL7G6y3jzSGkLsh3XATQ3Wm0c6E4n9+AwxjHc5cHihjnlU43rguQbl5pHOb8Tokh7iEZBu4KVCHfNIZy0xTH0M0TG+hBhFmmceidhB70z5Z3aXEc/FbcqV1Z8LgXgefl6idrWzkcQQ3puJ59ZayTz23STi7tREYGaLt20eg3cB8dMszZ49bwXz2DczgVOAK4A7iJENrWQeg9dN3Fl6ghgqWgPubPH/MI99NxS4FnjxAGzbPAZvOLAAOJW4e/o3jS8qlmEeg7ceeAB4A1hN3MVuduF9f5nHINlBPzj9AByXWz6euHLVrDxvI3A6fdkvAqYDRw7w/zr9txEPI4baLCM+uIrMoxq/A28CVxbKzSOdOUQnvZcYnngWcazkmUdaW7PXLcDrRCZ55pHOduKRg/eJu0avEPsvzzzSuxT4htjHReaRzlxgF3Gc7Ca+O+YU6phHWk8Td6/nAX/Sv/MM5iE1fAb9amJirC7iqtN04krwJ8QHXbPyvBpxdephYhIIiCEsO7P344gTidnZ8lJi+Gqn6iZOcpc0WGce6Y0FTsjejyROfG/Ils2jWrPofyfdPNIbRUxmCXGsrAMuypbNoxpfEvsU4HHgwey9eVRnJXBjocw80ptKdOxGE/t3BX2zf5tHNU7MXmcQHewx2bJ5SMSwq23AX8SdqQVZ+S76ZrCeTfwMQg9wT+5vm5XnjSaeiduU1XsPuC5bV5+k4alsOx09SQNwIfGBkf9plquydeaR3iTga+Ku1BbiZLc+ZMo8qlXsoJtHelOIuxQ7iONjcW6deVRjOjGj8QZilEn9Z6TMoxrDiPlLinftzKMai4mZwzcTz5/X94d5VONt4qLJ5/TvYJuHJEmSJEmSJEmSJEmSJEmSJEmSJEmSJEmSJEmSJKlz/QdD6gGxd6f6yAAAAABJRU5ErkJggg=="`;

exports[`Correctly render scalebar: at different scales in Gb 2`] = `undefined`;

exports[`Correctly render scalebar: at different scales in Mb 1`] = `"data:image/png;base64,iVBORw0KGgoAAAANSUhEUgAAA+gAAAAUCAYAAAAeGxcbAAAABmJLR0QA/wD/AP+gvaeTAAAFYklEQVR4nO3dXYgVZRzH8e+uR2orLSWzLO3FkjKV7EW0NHqhIih6IcjoKrpIIqigEqOuIgiyi4i6KLIXrLCyrAspiYgie7UsM21zW/Gt0jCxLnpDu/jPYcfZc7ZjZ/eZI+f7Adkzzzw7+zA/Z855Zp55TgewF0mSJEmSVKrKEG23YxC3NRQXEGxfc2xfc2xfc2xfc2xfc2xfc2xfc2xfc2xfc2xfc2xfc9qmfZ2DtSFJkiRJkvT/deAQd0mSJEmSpH68YNJazKO1mEdrMY/WYh6txTxai3m0FvNoLebRQhziLkmSJEmSJEmSJEmSWtdiYAewZoA6M4EvgXXAvQ2UV1WIYSzP5Mq6gN3AS9ny0dk2BOOBd4AtQA9wW5165pHGMOAzoBfYBDxC7VkzzSOtTuAj4IM6680jnR3EuaqH+u8h5pHO4cBS4GfgB2B6jTrmkcYk+o6NHuB34J4a9cwjnXnAt8B3wOvAyBp1zCOd24H1wFf4eVfq5wLgHOp/uOok3lymAsOBT4DzBijPqwC7gNXAQVnZdcTB6AHS33jg/Oz1UURHfXKhjnmk00HsD4CDgZXA5YU65pHePGL/1Oqgm0daP/7HevNIaymwgDh3jQRGF9abRzk6gI1Epz3PPNIZBWzPfgI8D9xRqGMe6UwFNgAjiP21EphSqGMeifgMemt6D/h1gPVnADuJDvzfwAvANQOUF+0FVgCXZcvXA0sKdSrAk8AqYBlxwLajzcD72evtxJXFcYU65pHOXuCn7PUw4hxWnNjEPNIaC8wFHq+z3jxai3mkcwzxIXUhsd92E/s4zzzKMZsYbdJdKDePdDqyf13E+/khwLZCHfNI5zTgc+A34E/igvu1hTrmkYgd9APTOGBrbnkzcOwA5bUsIQ6MEcAEYohR3unAIuAs4HvgzqZbfeCbDJwEfFwoN4/0uoFfiDeDFYV15pHWw8D9wD911ptHWsOIfbAWuKXGevNIZyKxH58l9tEi4LBCHfMoxw3AizXKzSOdncTokm7iEZAK8Eqhjnmks4YYpj6G2FeXEKNI88wjETvo7WsVcbVsLvBmjfW99HVEFwNzErWrVY0ihuDcSjy3NtjMY/9MIu5OTQRmDMH2zaMxFxJXxOs9ez5YzKNxM4BTgCuAu4g7hYPNPBpTAc4EniCGinYAdw/B3zGP/TOcuDNYvHM3WMyjMSOAm4BTiaHNf1H7omKzzKMx64AHgLeA5cR+q3fhvRnm0QA76AembcBxueUJxJWreuX1LAceAl5u4G+28/cjdhHDbB4lTlxF5lGOXcDbwJWFcvNI51yik94DvAqcTRwreeaR1sbsZy/wBpFJnnmks4WYE+BDYA/wGjEUNM880rsU+Ib+w6nBPFKaTTzOuYXoCC4j3lPyzCOtp4k713OAP4g72HnmobZ3Mv0nibuamBirk5gNdhpxJfhT4kRXrzyvQt/z7ScQd4Sr285P0rAHmJUtLySGsLajCvEhd0GNdeaR3ljg+Oz1KOKD743ZsnmUayb73kk3j/RGE5NZQhwra4GLs2XzKMdqYp8CPAY8mL02j/IsBm4ulJlHelOIjt2RxP59jr7Zv82jHCdmP6cTHewx2bJ5SMSwq03EJA09xBAgiP/Y1RmsZxEzH3YD9+V+t155Vf4AySseIGuAp7Jtte0kDcBFxMki/9UsV2XrzCO9ScDXxF2pXuLDbvVr1syjXMUOunmkN5n4uqKtxPExP7fOPMoxjZjReD0xyqT6NVLmUY5DiflLjiiUm0c55hMzh28gnj+v7gvzKMe7xEWTL9i3g20ekiRJkiRJkiRJkiRJkiRJkiRJkiRJkiRJkiRJkqT29S/uWDNnXrRTVgAAAABJRU5ErkJggg=="`;

exports[`Correctly render scalebar: at different scales in Mb 2`] = `undefined`;

exports[`Correctly render scalebar: at different scales in Tb 1`] = `"data:image/png;base64,iVBORw0KGgoAAAANSUhEUgAAA+gAAAAUCAYAAAAeGxcbAAAABmJLR0QA/wD/AP+gvaeTAAAFI0lEQVR4nO3dXYwdYxzH8e9pt6Fo2QallFRjw9JGvVRLK0iQJl5KXGjEhSuNSJCgIVyJq3LhgguiEeotlLoRRESIIt4tWqtrm+62aKUaXHiLuvjPZmfnnFmbnu4zU/v9JJtz5pnnnPNkfntenplnnmkAe5AkSZIkSZXqGKfnbezD5xqPHQi2rz22rz22rz22rz22rz22rz22rz22rz22rz22rz22rz0Tpn2T9tUTSZIkSZKkvdfAIe6SJEmSJElN3GFSL+ZRL+ZRL+ZRL+ZRL+ZRL+ZRL+ZRL+ZRIw5xlyRJkiRJkiRJkiRJ9bUW2An0jFJnEfApsBG4awzlAAcAfdnfT8Du3PLZ2eM00mzgDWCQ2E43ldQzjzQmAx8C/cBW4AFaz5ppHmlNAt4D3ilZbx7p7GR4O5V9h5hHOocC64Afge+ABS3qmEcaXQxvoz7gN+COFvXMI52VwNfAN8BLwPQWdcwjnZuBTcDn+HtXanI+cBblP64mEf/U84ApwAfAuaOUt3ILsDq3fBS+QVqZDZyX3T+S6Kh3F+qYRzoNYtsAHAhsAJYV6phHeiuBZ2jdQTePtL7/j/XmkdY64E7is2s6MKOw3jyq0QC2EJ32PPNIpxPYkd0CPEFsuzzzSGcesBmYRnSoNwCnFuqYRyKeg15PbwE/j7L+NGAX0YH/C3gKuHKU8rHqAB4BPgbWE2/SiW4AeDu7v4PYszirUMc80tkD/JDdn0x8hhUnNjGPtGYC1wAPlaw3j3oxj3SOJn6k3k98Tv1CbOM886jGEmK0SW+h3DzSaWR/U4nv84OA7YU65pHOycBHwK/AH8QO96sKdcwjETvo+6dZwLbc8gBwzCjlY3UKsAY4A/gWuLW9Zv7vdAMnAO8Xys0jvV5imFQP8HphnXmktRq4B/i7ZL15pDWZ2B5fATe0WG8e6cwltuPjxDDeNcAhhTrmUY0VwNMtys0jnV3E6JJe4hSQDuD5Qh3zSKeHGKZ+BNFBvogYRZpnHonYQVdeP8Odz7XA0grbUjedxBDeG4nz1lIwj3JdxNGpucDCRK9pHs0uII4Mlp17Pp7Mo7WFwInApcBtxJHCFMyjWQdwOvAwMVS0Adye6LXNo9wU4sjgcwlf0zyaTQOuB04ihjn/SeudiuPBPJptBO4FXgVeIY5ml+1439fMo8AO+v5pO3Bsbvk4Ys9VWfne8pqIYSox5OZB4oOryDyqsRt4DbisUG4e6ZxDdNL7gBeAM4n3Sp55pLUlu+0HXiYyyTOPdAaJOQHeBf4BXiSGguaZR3oXA1/SPJwazCOlJcTpnINER3A98Z2SZx5pPUYcxV4K/E4czc4zj0TsoO9flhMTY31GTDQzn9gTfC3xwVZWPlZzgMXZ/euo5qhY3XQAzxId8zWFdeaR3kzg+Ox+J3A5MXQUzKMK9xFfxHOBq4nz15Zn68wjvRnEZJYQ75VlDE82ah7pbSZOxZmfLQ91DME8qrSCGBGXZx7pDRAjTA4n+iOXEPP8gHlUZU52u4AYZfJktmweEjHsaisxSUMfMQQIYk/j0AzWi4nLIPQCd+ceW1Ze1GoWxR7g0ezxTtIQLiSOfOQvzXJFts480usCviCOSvUTHcShy6yZR7UWMfJL1TzS6yYuV7SNeH+syq0zj2rMJ2Y03kSMMhm6jJR5VONgYqfJYYVy86jGKmJH1mbi/POh7WIe1XiTOBr+CSNPjzIPSZIkSZIkSZIkSZIkSZIkSZIkSZIkSZIkSZIkSdLE9S/OSbu56dLJfQAAAABJRU5ErkJggg=="`;

exports[`Correctly render scalebar: at different scales in Tb 2`] = `undefined`;

exports[`Correctly render scalebar: at different scales in bytes, scale < 1 1`] = `"data:image/png;base64,iVBORw0KGgoAAAANSUhEUgAAA+gAAAAUCAYAAAAeGxcbAAAABmJLR0QA/wD/AP+gvaeTAAAE/UlEQVR4nO3dW4hVVRzH8e8ZJ8pKS8ks06K0oUQlu4iZRRcigiLsyehJekgiqIdKjMCHiF7qIYLeigorutjlJSoiCpnudzOnyVHJSxfDooIuSNPDfw9zZrvPOGf2zNp7mu8HhjlnrcVhsX/sffZee521G0A/kiRJkiSpUp3j9LmNMfys8RhAsH/l2L9y7F859q8c+1eO/SvH/pVj/8qxf+XYv3LsXzmTpn8dY/VBkiRJkiRp9Bo4xV2SJEmSJOkQDpjUi3nUi3nUi3nUi3nUi3nUi3nUi3nUi3nUiFPcJUmSJEmSJEmSJElSfW0E9gNbhmmzHPgM2AbcXaJcw5sHvAnsAfqAW1u0M480pgAfATuB74AHKV410zzS6gDeAza3qDePdPYTx6o+Wn+HmEc6xwGbgB+BHcDSgjbmkUYXg/tGH/AHcFdBO/NIZy3wNfAN8BIwvaCNeaRzG9ADfIHnu9IhLgUuoPXJVQfx5bIYOAL4ALhoFOU6vHnAJdnrE4kL9YW5NuaRTgM4KXt9FPAucHWujXmktxZ4huILdPNI6/vD1JtHWpuA9cSxazowM1dvHtVoALuIi/Zm5pHODOCn7D/Ak8DtuTbmkc5iYDswDTiSOL9alGtjHomM13PQVc7bwIJh6s8BDjB4Af8UsAr4s83y7jHt9f/T7uwP4oukB5hDjPgOMI90+oEfstdTiIN/fmET80hrNrAauAe4v6DePOrFPNI5mTgZXU0cp34raGMe1VhJzDbpzZWbRzqN7G8qsW8cDezLtTGPdM4GPgZ+z95vBq4HvmpqYx6JuEjcxHQKcSd3wO6srN1ytWchcAbwfq58DrC36f3A9m23XCPXC/xMHPTfyNWZR1oPABuAgy3qPV6lNQX4FtgK3FxQ7/6Rznxiez1ODOo+Bhyba2Me1bgBeLqg3ONVOgeI2SW9xE9AOoHnc23cP9LZQkxHn0XcRb+SmEXazDwS8QJ9Yupn6O9uB55n3265Rm4GMYX3FuJ3a6pWF3F3aj6wrOK+TGaXAf8C7wzTJn/8GW25RmYZcCZwDXAHcadQ1egEzgUeIaaKNoA7K+2RIHJZBTxXUOf5VTrTgDXAWcRP1/6heFBRaWwD7gVeA14FPqH1wLvGmRfoE9M+YG7T+3lZWbvlGpmpwMvAQ8SBKy+/fU8lRgzbLVd7fgVeB67NlZtHOiuIi/Q+4AXgfGJfaWYeae3K/u8EXiEyaWYe6ewh1gToJgayXiSmiDYzj/SuImaYFG03z6/SWQn8QuwnB4nvjhW5Nu4faT0KnAdcDPxFzMZqZh6a9BZw6CJxG4DTiIGVHcASYtGFD4kDXbvlOrxO4iR3fUGdeaQ3m9jmELMauoEbs/fmUa3lDF0kzjzSm0ksZgmxr2wFrsjem0c1Pie2HcDDwH3Za/OozkbgplyZeaS3iLiAO4HYjk8wuMq3eVTj9Oz/UuJCelb23jwk4FniEVJ/E3em1mTlfQyORF1IPAahl1iciVGWa3iXE3c+mh/Ncl1WZx7pdQFfEneldhInuwPTC82jWvkLdPNIbyHxuKK9xP6xrqnOPKqxhFi5uIeYZTLwGCnzqMYxxPolx+fKzaMa64iVw7cTvz+flpWbRzXeIgZNPmXohbR5SC3MJUZ9VQ/mUS/mUS/mUS/mUS/mUS/mUS/mUS/mIUmSJEmSJEmSJEmSJEmSJEmSJEmSJElShf4DWkCe9YBbftsAAAAASUVORK5CYII="`;

exports[`Correctly render scalebar: at different scales in bytes, scale < 1 2`] = `undefined`;

exports[`Correctly render scalebar: at different scales in bytes, scale = 1 1`] = `"data:image/png;base64,iVBORw0KGgoAAAANSUhEUgAAA+gAAAAUCAYAAAAeGxcbAAAABmJLR0QA/wD/AP+gvaeTAAAEp0lEQVR4nO3dXYwdYxzH8e/ZXaHYso2qtyWUDZu2US9NUeIlIhIidUVcNS40IuECTUXiQtzVhQh3BCnipdSNICJe4qXeaaq1ut1Gt0UrJbhQxLr4zzov65Q4k/OfzX4/yebM+Z/NyZP55Zkzz8wzMzVgAkmSJEmSlKqv5O+rlfx9ZR88qHr7oNw2zrT1Z/s6U/X2gf2jE7avM1VvH9g/OmH7OlP19oH9oxO2rzNVbx/YPzpRevt6Sv5CSZIkSZL0P9RwirskSZIkSVITD5ZUi3lUi3lUi3lUi3lUi3lUi3lUi3lUi3lUi1PcJUmSJEmSJEmSJElSRa0F9gAbW+pLgU+AzcAd/6Guzg0CrwLjwChwU8Nn5tF9vcAHwBjwNXAv9TtnmkeeHuBd4K2Gmnnk2ENsq0Zp/g0xjxyHAeuA74BtwOKibh7dN0S9b4wCvwC3F5+ZR46VwBfAl8DzwOyibh45bga2AJ/h/q40xYXA2TTvXPUQPygLgQOADcB5+6mrHIPABcXykcRAfRjzyFIDjiqWDwLeAS7HPLKtBJ6kPkA3jzzf/EPNPPKsA1YT267ZwBzMowpqwHZi0G4eOQaA3cUrwGPALZhHloXAVqAfOJDYv1qAeaTxGvTqeR34oaV2OrCXGLT/DjwOLN9PXeXYAbxZLO8mjiweg3lkmQC+LZZ7ie3XBOaRaR5wDfBAQ808qsU8chxN7LCuIbZTPxHr2zzyLSNmm4xgHllqxd8s4vf8YGAX5pHlNOBD4GdgH3HA/WrMI40D9OnhWOLs7aQdRa1dXeUbBk4C3iMG6TsbPptc7+3qKtcI8D3xw/AK5pFpDXAX8EdDze1Vnl7gK2ATcENRs3/kmE+s00eIabwPA4diHlVwLfBEsez2KsdeYnbJCHEJSB/wDPaPLBuJKetzibPolxKzSM0jiQP06WGC+rW2UH9+fbu6yjVATOG9kbhuTbmGiLNT84ElyW2ZyS4C/gTeaKm3bpf+ra7yLAFOAa4AbiXOFCpHH3AG8CAxVbQG3JbaIkHkshx4unjv/lWOfmAFcCpx6dpv1A8qqvs2A3cDLwEvAh/RfOBdXeYAfXrYBRzX8H6wqLWrqzyzgPXAfcSGC6au9+OJI4nt6irfj8DLwJWYR5ZziUH6KPAscBbRV8wjz/bidQx4gcjEPHKME/cEeJs4kPUcMS3UPHJdRswwmVy37l/lWEZczjlODATXE78p9o88DwFnAucDvxKzscxDanAyU28Stw1YRNyM4X1i49aurnL0ETu5q1vq5pFjHnBCsTxA7Pheh3lUwVKabxJnHt03h7iZJURf2QRcgnlk+pRYvwD3A/dgHtnWAtc3vDePHAuIQd4RxLp+lLgTuHnkObF4XUwMtudiHtLfniIeIbWPODO1oqifQzz6YAS4s+H/29XVuYuJMx+Nj2a5qvjMPLpvCPicOCs1RuzsTk5BNI9cjQN0MI8Mw8TjinYS/WNVw2fmkWMRcXfjLcQsk8nHSJlHjkOI+5cc3lI3jxyriDuHbyWuP+8v6uaR4zXioMnHNA+2zUOSJEmSJEmSJEmSJEmSJEmSJEmSJEmSJEmSJEmSNLP9BbSo9QXZbjAlAAAAAElFTkSuQmCC"`;

exports[`Correctly render scalebar: at different scales in bytes, scale = 1 2`] = `undefined`;

exports[`Correctly render scalebar: at different scales in bytes, scale > 1 1`] = `"data:image/png;base64,iVBORw0KGgoAAAANSUhEUgAAA+gAAAAUCAYAAAAeGxcbAAAABmJLR0QA/wD/AP+gvaeTAAAErElEQVR4nO3dW4xdUxzH8e/pjFBMmUbVbQhlwqRt1KUpSlwiIiFST8RT40EjEh7QVCQexFs9iPBGkCIupV4EEXGJS91pqjU6nUanRSsleFDEePjvyZxzKplypvu/kvP9JJOzz9qTnJXzy1pnr73XXrsBjCNJkiRJklL1/of/bUzzZ0/3iYHS6wfTW8du+/6sX2dKrx/YPjph/TpTev3A9tEJ69eZ0usHto9OWL/OlF4/sH10IqV+M6b5QyVJkiRJ0v/QwCnukiRJkiSpi3gipCzmURbzKIt5lMU8ymIeZTGPsphHWcyjLE5xlyRJkiRJkiRJkiRJhVoD7AY2tJUvAT4DNgF31V2pLjUAvA6MASPALU37zKN+PcBHwCjwLXA/kytnmkeeGcD7wDtNZeaRYzfRV43Q+htiHjmOANYCPwBbgUVVuXnUb5DJtjEC/AbcWe0zjxwrgK+Ar4EXgVlVuXnkuBXYDHyBx7sl2J/xoGp0MXAurYHMIH5QFgAHAeuBC+qvWtcZAC6qto8mBupDmEeWBnBMtX0I8B5wJeaRbQXwNJMDdPPI892/lJlHnrXAKqLvmgXMxjxK0AC2EYN288jRD+yqXgGeAG7DPLIsALYAfcDBxPHVfMwj05TjQe9Br9ebwE9tZWcCe4iQ/gSeBJbVXK9utB14u9reRZxZPA7zyDIOfF9t9xAd1TjmkWkucB3wUFOZeZTFPHIcSxzIrib6qV+IHMwj31LiytQw5pGlUf3NJH7PDwV2Yh5ZzgA+Bn4F9hIn3K/FPDJNOR50gJ7veOLq7YTtVZnqMwScAnxADNJ3NO0zj3oNAz8SHdRrmEem1cA9wF9NZfZXeXqAb4CNwE1Vme0jxzziu36MmMb7KHA45lGC64Gnqm37qxx7iNklw8QtIL3Ac9g+smwgpk7PIa6iX07MIjWPsrT0Vw7Q840zea8t+Gz6uvUTU3hvJu5bU65B4urUPGBxcl262SXA38BbbeXt/ZXqsxg4DbgKuJ24UqgcvcBZwMPEVNEGcEdqjQSRyzLg2eq9x1c5+oDlwOnErWt/MHlSUfXbBNwLvAK8DHxC64l3laGlv3KAnm8ncELT+4GqTAfeTGAd8ADRccG+eZxI6xlGHXg/A68CV2MeWc4nBukjwPPAOURbMY8826rXUeAlIhPzyDFGrAnwLnEi6wVieqJ55LqCmGEy8Z17fJVjKTF9d4wYCK4jflNsH3keAc4GLgR+J2ZjmUdZ2vNQzU5l30UBtgILiUUaPsQrI3XoJQ5yV7WVm0eOucBJ1XY/ceB7A+ZRgiW0LhJnHvWbTSxmCdFWNgKXYR6ZPie+d4AHgfswj2xrgBub3ptHjvnEYOMoIoPHiRXCzSPPydXrImIQPgfzyDbVeFA1eoZ4hNRe4srU8qr8POLRB8PA3TlV6zqXElc+mh/Nck21zzzqNwh8SVyVGiUOdiem+phHruYBOphHhiHicUU7iPaxsmmfeeRYSKx6vJmYZTLxGCnzyHEYsX7JkW3l5pFjJbFy+Bbi/vO+qtw8crxBnDT5lNZBuHnk2J/xoCRJkiRJkiRJkiRJkiRJkiRJkiRJkiRJkiRJkiSpFP8Advdu0DPE6MAAAAAASUVORK5CYII="`;

exports[`Correctly render scalebar: at different scales in bytes, scale > 1 2`] = `undefined`;

exports[`Correctly render scalebar: at different scales in kb 1`] = `"data:image/png;base64,iVBORw0KGgoAAAANSUhEUgAAA+gAAAAUCAYAAAAeGxcbAAAABmJLR0QA/wD/AP+gvaeTAAAFI0lEQVR4nO3dXawcYxzH8e/2nIbSltOoVimhNBxto16alla8hERCiivSG40LjUiQoKlwJa7UhQgXRIMUaSh1I4iIaL2/q2odPT2NvqCVtsGF0rQu/rN2dvfs6bI9+0zt95Oc7O6zM7vPmV9mdp6ZZ54pAQeQJEmSJElJdQ/T55YO4WcNxwEE69ca69ca69ca69ca69ca69ca69ca69ca69ca69ca69eajqnfiEP1QZIkSZIk6b8rYRd3SZIkSZKkOh4wKRbzKBbzKBbzKBbzKBbzKBbzKBbzKBbzKBC7uEuSJEmSJEmSJEmSpOJaDuwE1taUzwa+ANYD9zaYt9E0B5t3YvZ+s+WdYjLwFrAV6Aduy71nHu3XBXwCDAA/AA9TGTXTPNIZAXwArM6VmUcaO4ltVT/VvyHmkcYxwErgZ2ATMDMrN4/2m0pl3egHfgfuyd4zjzQWAd8C3wGvAGOzcvNI43ZgA/AV7u9KdS4BLqB652oE8YMyHRgJfARcVDNfo2mamdcVZHCTgYuz58cTDfVezCOVErEMAI4E3geuwjxSWwS8QKWBbh7p/DhImXmksxJYQmy7xgLjMI8iKAGbiUa7eaTRA+zIHgGeBe7APFKZDmwExgBHEPtX0zCPJLwGvZjeAXbXlJ0D7CIa7X8BzwHXNTlNM/PmTQE+A87LXncDT2Rlq4iVt1NsAd7Nnu8gjixOwjxSOQD8lD3vIrZhBzCPlCYANwCP5crMo1jMI40TiJ3RpcR26ldiWZpHenOJ3iZ9mEcqpexvFPF7fhSwHfNI5SzgU+A3YC9xwP16zCMJG+iHj0nAttzrLcCJTU7TzLxlZwIvAjcRKwTA2cAyYoX5Hrjz31f/f6EXOA34EPNIrQ/4hdjov4l5pPQQcD+wL1dmHul0Ef/3OuCWrMw80phCLK+niW68y4DRmEcR3Ag8nz03jzR2Eb1L+ohLQLqJ5WMeaawluqOPJxrCVxC9SM0jARvoyptIXAO0gOru9QNEoxTi+vh5ba5XEfQQXXhvJa5bawfzaGwqcXZqCjCrTd9pHvUuJc4Mrj7YhMPAPAY3CzgDuBq4izhT2A7mUa8bOBd4nOgqWgLubtN3m0djI4kzgyva+J3mUW8MsJBomE0E/qRyUHG4mUe99cADwOvAa0Qjed+Qcxw65lHDBvrhYztwUu71yVQflRpqmmbmBdiTlddeH1Kr0+6VOIroWvMIseEC8yiCPcAbwDWYRyoXEo30fuAl4HxiXTGPdDZnjwPAq0Qm5pHGVmJMgPeA/cDLRJdP80jrSuAbYlmCeaQyl7iccyvREFxF/KaYRzpPEWer5wF/EGetzUPKOZ36QeI2ATOIo78fUzkzci0xYFajaYaat6w8GMNoYA3R/atcvh+Yk71eSnRn7RTdxE7ukppy80hjAnBK9ryH2PFdgHkUwWyqB4kzj/YbRwxmCbGurAMuxzxS+pJYdgCPAg9iHqktB27OvTaPNKYRDbjjiOX4DDHKt3mkc2r2OJNoMI/HPKR/rCBuIbWXODO1MCufQ9z6oA+4Lzf9biojWzeaplF5WX60xB7iVlbzs/K1wJPZ/B01SANwGbGByN+aZX72nnm031Tga+Ks1ACxs1u+zZp5pJVvoIN5pNBL3K5oG7F+LM69Zx5pzCBGLt5A9DIp30bKPNI4mhi/5NiacvNIYzExcvhG4vrj8v9vHmm8TRw0+ZzqhrR5SJIkSZIkSZIkSZIkSZIkSZIkSZIkSZIkSZIkSZI619//X4snHmcDqQAAAABJRU5ErkJggg=="`;

exports[`Correctly render scalebar: at different scales in kb 2`] = `undefined`;

exports[`Correctly render scalebar: backgrounds 1`] = `"data:image/png;base64,iVBORw0KGgoAAAANSUhEUgAAA+gAAAAUCAYAAAAeGxcbAAAABmJLR0QA/wD/AP+gvaeTAAAEp0lEQVR4nO3dXYwdYxzH8e/ZXaHYso2qtyWUDZu2US9NUeIlIhIidUVcNS40IuECTUXiQtzVhQh3BCnipdSNICJe4qXeaaq1ut1Gt0UrJbhQxLr4zzov65Q4k/OfzX4/yebM+Z/NyZP55Zkzz8wzMzVgAkmSJEmSlKqv5O+rlfx9ZR88qHr7oNw2zrT1Z/s6U/X2gf2jE7avM1VvH9g/OmH7OlP19oH9oxO2rzNVbx/YPzpRevt6Sv5CSZIkSZL0P9RwirskSZIkSVITD5ZUi3lUi3lUi3lUi3lUi3lUi3lUi3lUi3lUi1PcJUmSJEmSJEmSJElSRa0F9gAbW+pLgU+AzcAd/6Guzg0CrwLjwChwU8Nn5tF9vcAHwBjwNXAv9TtnmkeeHuBd4K2Gmnnk2ENsq0Zp/g0xjxyHAeuA74BtwOKibh7dN0S9b4wCvwC3F5+ZR46VwBfAl8DzwOyibh45bga2AJ/h/q40xYXA2TTvXPUQPygLgQOADcB5+6mrHIPABcXykcRAfRjzyFIDjiqWDwLeAS7HPLKtBJ6kPkA3jzzf/EPNPPKsA1YT267ZwBzMowpqwHZi0G4eOQaA3cUrwGPALZhHloXAVqAfOJDYv1qAeaTxGvTqeR34oaV2OrCXGLT/DjwOLN9PXeXYAbxZLO8mjiweg3lkmQC+LZZ7ie3XBOaRaR5wDfBAQ808qsU8chxN7LCuIbZTPxHr2zzyLSNmm4xgHllqxd8s4vf8YGAX5pHlNOBD4GdgH3HA/WrMI40D9OnhWOLs7aQdRa1dXeUbBk4C3iMG6TsbPptc7+3qKtcI8D3xw/AK5pFpDXAX8EdDze1Vnl7gK2ATcENRs3/kmE+s00eIabwPA4diHlVwLfBEsez2KsdeYnbJCHEJSB/wDPaPLBuJKetzibPolxKzSM0jiQP06WGC+rW2UH9+fbu6yjVATOG9kbhuTbmGiLNT84ElyW2ZyS4C/gTeaKm3bpf+ra7yLAFOAa4AbiXOFCpHH3AG8CAxVbQG3JbaIkHkshx4unjv/lWOfmAFcCpx6dpv1A8qqvs2A3cDLwEvAh/RfOBdXeYAfXrYBRzX8H6wqLWrqzyzgPXAfcSGC6au9+OJI4nt6irfj8DLwJWYR5ZziUH6KPAscBbRV8wjz/bidQx4gcjEPHKME/cEeJs4kPUcMS3UPHJdRswwmVy37l/lWEZczjlODATXE78p9o88DwFnAucDvxKzscxDanAyU28Stw1YRNyM4X1i49aurnL0ETu5q1vq5pFjHnBCsTxA7Pheh3lUwVKabxJnHt03h7iZJURf2QRcgnlk+pRYvwD3A/dgHtnWAtc3vDePHAuIQd4RxLp+lLgTuHnkObF4XUwMtudiHtLfniIeIbWPODO1oqifQzz6YAS4s+H/29XVuYuJMx+Nj2a5qvjMPLpvCPicOCs1RuzsTk5BNI9cjQN0MI8Mw8TjinYS/WNVw2fmkWMRcXfjLcQsk8nHSJlHjkOI+5cc3lI3jxyriDuHbyWuP+8v6uaR4zXioMnHNA+2zUOSJEmSJEmSJEmSJEmSJEmSJEmSJEmSJEmSJEmSNLP9BbSo9QXZbjAlAAAAAElFTkSuQmCC"`;

exports[`Correctly render scalebar: backgrounds 2`] = `undefined`;

exports[`Correctly render scalebar: spanning two images split mid section 1`] = `"data:image/png;base64,iVBORw0KGgoAAAANSUhEUgAAA+gAAAAUCAYAAAAeGxcbAAAABmJLR0QA/wD/AP+gvaeTAAAD/klEQVR4nO3dz4tVZRzH8feMN0hRYyJqMnWhLcJMshS0H1L+A+rOaJOrJFrkIkSppSvdiNQiQTQUEbNs18KFZNIvoiQo+zEFORkaaEibSszF97l45jp3vPcc5zlnxvcLLnPvc5+He4f5nDPne+5znjsA/I8kSZIkSapVq+43ME0M1P0GpjBPEFVn/sozf9WZv/LMX3XmrzzzV535K8/8VWf+ymt0/gbrfgOSJEmSJCnOvDT6DIIkSZIkSZImnyeIVCfzpzqZP9XJ/KlO5k91anT+nOIuSZIkSZIkSZIkSZLUBAuAE8AoMAK8WnhuFfA18D2wvcv4bn1uNXY4Pd9ru6a3QeBT4FShzfwph3uAY8AF4BdgeWo3f8phM/Ad8APwATA3tZs/5XAQ+BP4tqO9bLaqjDWXd57x8te0ukSqxQJgTbp/P7FBLCEKphHgMeAu4HPg6Y6x3fr0MtYdsYo2A4e5UaCbP+VyDNhGLNo6F7gX86c8hoCL6SfAu8BrmD/l8xywkrEFUpVsmUv1Y7z8NaIu8Rp01e0c8HG6fxE4C8wDHgcuERvNf8AhYEPH2G59ehlbtBj4CngyPW4B76S248Ccsr+cpoQHgI3AW4U286ccHiT+Se8iFqy5QmTH/CmHgXSbCcwAZgHnMX/K5yRwuaOtSrbMpfoxXv4aUZdYoKtJlgCLgM+IjeH3wnPngIc6+nfr08vYtkeAo8BLxI4X4FFgH7Fj/gnY0ufvoallJ/AmcLXQZv6Uw2IiH/uJacb7gNmYP+VxiZi98SNxiUWLyIP5U52qZMtc6naqrS6xQFdTDBFTjF8B/s70msPENXcvMnZ6y6/Exghxfcqzmd6P8nue+OTy1K06TgLzpxbwBPA2sJT4NPP1TK9t/jQH2EQcEA4D/wIvZ3pt86cmMpdqq7UusUBXE8wkpgztBj5KbeeB+YU+Cxl79mmiPr2MBfgrtXdeB9Kp0d+VqEqeIor0EeA9YAWRRfOnHEaBP4DTwDXgfWIqnPlTDs8Q0ztHiRlEx4l9ovlTnapky1zqdmh6XSJNuhbwITHNrmiQWNF4GbGgwhfEwQTAeuDuCfpMNLatvRjDbOAT4IVC+zVgdXq8i5j+rOlvFWMXiTN/yuEbIisAe4AdmD/lsZQ4cLyPyM0BYnVh86ecHubmReL6zZa5VFmd+WtKXSLVai2x4xsp3Nal51YDZ4jr494ojLlMBHmiPt3a24qrJQ4BX6bXHSY21L1pvIuB3DmKBTqYP+WxjFjR9Swxi6P9NVfmTzlsBX5Ot6Pc+HubP+VwBPgN+Ic4/tuU2vvNlrlUGePlryl1iSRJkiRJkiRJkiRJkiRJkiRJkiRJkiRJkiRJkiSpKa4DzbFcOhMd588AAAAASUVORK5CYII="`;

exports[`Correctly render scalebar: spanning two images split mid section 2`] = `undefined`;

exports[`Correctly render scalebar: spanning two images split mid section 3`] = `"data:image/png;base64,iVBORw0KGgoAAAANSUhEUgAAA+gAAAAUCAYAAAAeGxcbAAAABmJLR0QA/wD/AP+gvaeTAAAEUklEQVR4nO3dvYscZRzA8e+tKxhJIieiZzQWxkJiDL6C76j/QLRTbExlEAtTiChaWplGRAuFoBIRidHYWViIUXxDNAQ0vlwEc0aMkIjY+IJa/Ga5yTDP7uzM7M7l9vuB5W6fnbl7SL57tzM3MzsH/IckSZIkSepUv+sJVDTX9QROY+6Aac7+6rO/5uyvPvtrzv7qs7/m7K8++2vO/uqzvwZ6XU9AkiRJkiTFniH3cEiSJEmSJE2YO2DUJftTl+xPXbI/dcn+1CX7a8BD3CVJkiRJkiRJkiRJKloAvuh6EpqIPcCvwKGSx3rAR8CB3NgNRAtfA48nvmZqmVHrpjqzv9Ur1d85wD7gF+AIcHU2bn9qU6q/HcBXwDfAW8D6bNz+1JaNwLvAErAIPJR7rG5DTda1v9mS6q9Ol1RYxv6UN6wzcPujshU/QdV2O3A95RvoO4DXWH6C9Ign0pXAmcAnwM2FdVLLVFn3tH2CqLZUf/uAx4iLVa4HzsX+1L6y/uaB49lHgFeAh7E/tWsjcFv2+fnEC9XNNGvI/lRVqr9xu8yzP1WV6mzA7Y8hesDnwLXZ/T7wQja2H1jX0bzUrveAkyXjFwD3AM/lxq4CThAvZv8GXgXuLqyXWqbKunmbsL9ZUNbfhcQPz13EhUR+J9qxP7WtrL+57LYGOAM4GziG/aldR4H3s8+PA4eBDTRryP5UVaq/cbvMsz9VleoM3P4YqQfcT0wI4ApgNzHh74CdHc1L0/E08CTwT25sA/BT7v5R4KLCeqllqqw7cDmwF/ubVZuIPl4iDjPeDazF/jQdJ4ijN74lTrHoEz3YnyZlM3Ap8DHNGrI/1ZHvLzVuf5qUYn9uf4zQ49TD/n5g+R9vD3Dr1GekabmD+MvlgVELTsACcc7nfdjfrOoD1wDPA1uIv2Y+MqXvbX9aB2wnflEvAH8BD0zpe9vf7JknDuV8EPij47nY3+xJ9ddFl/Y3e4qduf1Rwai3WfM97Favm4gnySLwBnAdcVjHMeDi3HKXcOpeKYYsU2VdgN+y8eL5IUX2t3otAT8DHwL/Am8ShyjZn6bhFuKw9yViD/5+4mei/alta4i+ngHeycaaNGR/GkdZf6lx+1Pbyjpz+6Oie7OPC8QL5Ruz+7uIww+0OlxG+UXiIK58mL9IwxFgK3GhhU+JF7MAdwFnDVlm2LoDg4sxrAU+wP5mRVl/XxKtADwLPIX9aTKK/W0hfqGfR3TzMnHVV/tTm/rA28TpFHl1GrI/jSvV37hdgv1pfKnO8tz+GOIzYBsxwUPAi8BBVshJ8mrF68CPwJ/EHqvthcfzTxCISA8S52c+kRs/SXQybJnU+ED+aonz2N8sSPW3lbjS5mFiL+rgba7sT21K9fco8H1228vy/7f9qS13Ei/8FnO3bdlj4zZkfxpXqr86XdqfxjWsswG3PyRJkiRJkiRJkiRJkiRJkiRJkiRJkiRJkiRJkiRJK9//Q9m/5wIxdhcAAAAASUVORK5CYII="`;

exports[`Correctly render scalebar: spanning two images split mid section 4`] = `undefined`;

exports[`Correctly render scalebar: spanning two images split on a boundary 1`] = `"data:image/png;base64,iVBORw0KGgoAAAANSUhEUgAAA+gAAAAUCAYAAAAeGxcbAAAABmJLR0QA/wD/AP+gvaeTAAAE5UlEQVR4nO3dS4gcRRzH8e9mRzRgDuvBxGii+Ai6oghqSHzh4yCCEgVBxYueFPEiCKLoURDUgwcvCnqJyKpg9CAaPIjvB8HHEh8J64oxKiomiBdRXA/Vw3Z6p2eqt3tr2u3vB5bMVHVPauvHf3a6p6dmAlhAkiRJkiSNVW+FHneiwcdaiRMIjq8ex1eP46vH8dXj+OpxfPU4vnocXz2Orx7HV4/jq6cz41vT1ANJkiRJkqTlm8BL3CVJkiRJkpbwhEm7mEe7mEe7mEe7mEe7mEe7mEe7mEe7mEeLeIm7JEmSJEmSJEmSJElqr1+BuexnNte+DfgU+Ap4IKKdiG1G7bsh649tX412EjKZHbLNcue3R7is6Nlc21rgD+D57H6X5jpGTB5Va6jPPKrZBLwJ/ECY67tLtrM+0ojNw/pIYxL4BJgHvgceZ/Aqv9ZHGrF5WB9prQE+AN4p6bc+0hqVh/WhzvppQNsaQjGcAxwFfARcPKS9qX09QIfLgQspPyCsM7894DDwGXB01nYj8Dk+YZUZlQdUq6E886hmE3BZdvt4woHhdGEb6yOdmDzA+khlgjAfAMcA7wPXFLaxPtKJyQOsj9TuJMzPoANC6yO9YXmA9ZGEn0H//zgP+J1wUPI38Bxww5D2pvbNOw3YA5yf3e8BT2Vtu4B1NX6/NnsLODSkv+78LgC7gauz+zcBM4VtujLXMUblUcY8mncAeDu7/QvwNbCxsI31kU5MHmXMo3kLwM/Z7UnCa67iQkzWRzoxeZQxj5WxHrgZeLKk3/pIa1QeZcyjYR6gt9MksB/YC9yRtW0EDua2OQCcOKQ9r86+fWcCLwK3EYoG4GzgGcIB+37gnuG/1qrVxPzOEJ6o1gGbgS8L/c51NVVqaBDzqG4aOBX4sNBufYxHWR5gfaS2D/iN8OJ1d6HP+khvWB5gfaT0KPAQ8E9Jv/WR1qg8wPpIwgP0dtoKnAFcC9wLXDLe4bABeBm4lSMvK55n8cXfTuDSxONaTfYAZxHOXL46oN+5rqZuDZlHNVOES9TuAv5cgcc3j2pG5WF9pLUFOIFwFdrWFXh886hmVB7WRxpXEN5RLbuUuinmESc2D+sjAQ/Q2+m77N954BXgAuBH4KTcNpsJZ6vK2vPq7AvhMyMHWfp5kqKufodi3fntew14BHgh4v/s6lzHqlJDZcwjzlrCZWhPAK8P6Lc+0hqVB1gf43AYeAO4rtBufYxHWR5gfaRyEeGgcA54iTDPuwrbWB/pxOQB1oc66jjC4j4QPguyF7iKcDLlW+BcwgIMHxPOWpW1A1xPWAhlOfv29RdsOBZ4F7gl1/4vsD27/xjhspjV6nSWLkrWxPz2WPw89SmEd7z6j51fNKNLcx1jWB5VayjPPKrpEf5A3z+gz/pILyYP6yOd9cDJ2e0p4D3ClWhgfYxDTB7Wx3hs48h3bq2P8SrLw/pQZ00D3xDOPM0D9+X6thNWO9wHPBjRfojFFUur7tuXX1FxivAVJTuy9lng6Wz/1byQwwzhK1n+IpxZvD1rb2J+809YecUnrK7MdYxReSynhvrMo5orCX9M53I/O7I+6yO9mDysj3S2AF8QVj2eBx5m8Wu9rI/0YvKwPsajeEBofYxXWR7WhyRJkiRJkiRJkiRJkiRJkiRJkiRJkiRJkiRJkiSpe/4DYGI1gYpULu8AAAAASUVORK5CYII="`;

exports[`Correctly render scalebar: spanning two images split on a boundary 2`] = `undefined`;

exports[`Correctly render scalebar: spanning two images split on a boundary 3`] = `"data:image/png;base64,iVBORw0KGgoAAAANSUhEUgAAA+gAAAAUCAYAAAAeGxcbAAAABmJLR0QA/wD/AP+gvaeTAAAE7klEQVR4nO3dSYgcVRzH8e9MOmjUiRrcl0AQxS3BqIhLctQgeIgiaBAPnvQgqKAGRU9ePHj24BLFlahxOwTx4EUUBaOGURPjxARiIi4kEj24BOPhX810iq7uF6v6Vet8PzDMdPWj56V++TXT1a+qJ4CDSJIkSZKkVnVG9LgTDT7WKA4gOL96nF89zq8e51eP86vH+dXj/OpxfvU4v3qcXz3Or545M7/Jph5IkiRJkiT9exO4xF2SJEmSpLHgC/TxYh7jxTzGi3mMF/MYL+YxXsxjvJjHeDGP8WIeY8Ql7pIkSZIkSZIkSZIk9foJ2F58TVeMuRz4DNgCPJiwvatDLJt4pmfbAmA/8HJx+5TiMRRS8qgaYx7NOxbYAPwAfAss7zPGfuSTkof9yOMcZvfzduA34P4+4+xHHql52I987gC+Ar4G3gAW9hljP/JJycN+5HMXsBXYDNxZMcZ+5JOSh/3I6Psh908SQSwF5gMfA1cN2N6rA/wCfA4cUWy7kQjfQPoblkfVGPMYjQ3AA8RFFRcCi0r324+8huUB9qMNE8BO4kViL/vRjqo8wH7kcjzwY/Ed4Dng7tIY+5FPSh5gP3JZCswAU8T++hC4sDTGfuSTkgfYjyxSz0G/CNhLHCn5C3gRuH7A9rKDwLvAquL2TcD60pgO8ASwCXiT+A+iw2MezTuVeJJ5jNhv+4l93Mt+5JOSRxXzGK0VxJH1baXt9qMdVXlUMY/mTRRfC4B5wFHAntIY+5FPSh5VzKN55wGfAL8CfwDvAzeUxtiPfFLyqGIeDeu+QJ8HfAN8CdzeZ9xpwO6e27uA0wds72c9EcQUsJhYYtTrAmAdcEkxl3tS/xH/Q8PyqBpjHs07i9iPzxL7aB1wTGmM/cgnJQ+wH21YA7zUZ7v9aEdVHmA/ctlLrPbZRpyS0wFeLY2xH/mk5AH2I5dpYln0icS+uho4szTGfuSTkgfYjyy6L9AvA84GrgPuJY68N20TcXTmZuDtPvfvAD4qfn4BWDmCOfxXpORRNzPzSNMBLgYeJ5b6TAD3jeD3mEea1DzsR17ziSPt5SPhTTGPwzMsD/uRxxRwG3AusXTzT6oPutdhHmlS87AfeWwBHgHeATYS++3ACH6PeaRJzcN+ZNB9gb6z+L4DeAu4tDRuD3BGz+3FxJGSqu1VNgKPAq8kzG0ufx7fsDyqxphH874jzrf5APgbeJ1YytPLfuSTkgfYj9yuAb6g/3JR+5HfoDzAfuSyAthHPG8dIJZrXlkaYz/ySckD7EdOTxPvlK4EfifeMe1lP/IalgfYjywmiQssnVTcPhm4ltmr8q0GjiRO6F8ELCOOzN9CPLFVba/yFPAw/QNfAlxR/Hwrce7DXJSSR9UY82jeDPAzsU9h9g9fsB9tSMnDfuS3htmLvHTZj/YMysN+5LOLWPFzAvH31iriCslgP9qQkof9yGtJ8X05sern+eK2/WjHsDzsR0bnEx83sZs4GrK25759xDIgiJ21mTh356GeMVXbuzrF45St5tCr9k0DTxaPNWcvCkBaHoPGmEfzlhFXpNwKvMbsx7LYj3YMy8N+5HU0cdDkuNJ2+9GOYXnYj7zWEgcWZ4jznbv7wn60Y1ge9iOv94h3Xz/l0KXS9qMdw/KwH5IkSZIkSZIkSZIkSZIkSZIkSZIkSZIkSZIkSZKkuecfsZiHIXs9tFMAAAAASUVORK5CYII="`;

exports[`Correctly render scalebar: spanning two images split on a boundary 4`] = `undefined`;
