// Jest Snapshot v1, https://goo.gl/fbAQLP

exports[`Correctly render scale line: Forward strand in Gb 1`] = `"data:image/png;base64,iVBORw0KGgoAAAANSUhEUgAAA+gAAAAOCAYAAAC8VjbmAAAABmJLR0QA/wD/AP+gvaeTAAAEZklEQVR4nO3dV4hdRRgH8J9xLQ+xKzGJBFuSB1Es2LCgD/HFLvoUOxEbKEos2AsW0AclAUEsiA0xEBVEBGsSUSNobGgSgoKoWEEUA6IbH75zyc2y9+SshHXR/w+WPfeeb+bMPs3MmW9miYiIiIiIiIiIiIiIiIiIiIiIiIiIiIgYL1Ow2aCbk8axIREREVGewA/4eMT3h+EDfIbrBpQdFNOl7E54DKvwBd7Bqc29XZvyERERg9yOn7Cm+Vn47zYHfNUxbg5mT4B2XIzPcZKWiXpERESMn2NwsA0n6JPUYGdfbIF3ccSIcoNiupTdDG/jziaGGqjc3Fxngh4RERtzO679B+U230TPH62erhPjBTh9DPWOVdd23IJ1+FW9MN9goj60CRoSERERY/MG9h7x3f742fpJ+5NqdfutDjFrO5Q9BDvjBgw3363ErX0xQ3gQB6mBxllqABERETHIVDyC6fgF81T/8oCaiO6i+qfzsCe2x484FkvwZlPmAMzHlvhW9UE/jqhnhcoEe7qJe3lAm87B9fitqeNKnIyjcSEuap7VX+/qlucPYzvMwl1YjN06tKPNZMxUffYPuAaLkuIeERExMUzD132fv1KDnS4xXcrOVivkwwbbRw2yDlIDlSs6tj0iIv4/rrI+xf1k3IsXsR/uwUN9sZNxBm5Tk/Z9VIbX+2qyvBVmqD7nFRyqXkY/Y8M+qFfPHc0zHm9iv2zujXSjejF9oFo1/wTPqwyAOU3bR9bb9vwhnIkTmjp0bEcXk7GH6n9XDqm3BhEREbHpTbS9Zf3tuR8n4i/1Bp/1+9KpffL3DqgnY4eIiP+2tv7rHtzd93kBLmmuX8DDalUZXuqLW4ajsHtTfh5ex3vN/elqwruN2or1XV/Z/nqOxAXN9ZNNe0Z6C4vUCvfilr+lv96257/a/P4e246hHXTvMydj5pCJN3iIiIj4P/pGpcv1zLDhqnhbTJeyK9WKwiS1in65Sv/7oqVNgwYVGTtERES/Qf3F2r7rpSq9fJrahz1fncmytLn/oErzXoLDcdOAetbhz+b6rwHPPlcdnnqaegFwYIf2tT3/j77rXh/YpR398T23WH/+C5WGnxT3iIiICWYFdlQpgltgLp5r7p2CrVti2sr2LFcn796hUgphhxExe6hBCbX3bqmIiIh2S3B2c32KOqH8j1HilqtV52E1MV6hJuy9vmb7pmyvnkGW4bjmeo7RD3jbSx2MerU6o2WqmghPaam36/PH0o42v6nU/rlNe5/FukzQIyIixt8zeE0dNrNGHZwzrDrpx/GpShNc1sQ/qgYOg2LayvasU3vnpqq9eKtU6t/FfTGf4nx8qA6xu2/T/LkREfEfdhWOV//mc75KXR/NWnVGSm8r1VKVTv5R8/lmlY7+mPbJ7tW4FE+pFfjfR4lZqPq61SqNfqVKeb9Mnccya5QyXZ8/lnYMskr127NVn52tYxERERERERHjbIpsFYuIiIiIiIiIiIiIiIiIiNiIvwGkyRNmO7cz3AAAAABJRU5ErkJggg=="`;

exports[`Correctly render scale line: Forward strand in Mb 1`] = `"data:image/png;base64,iVBORw0KGgoAAAANSUhEUgAAA+gAAAAOCAYAAAC8VjbmAAAABmJLR0QA/wD/AP+gvaeTAAAEXElEQVR4nO3dechlYxwH8A/esdQMUhpmJPskESZblvhj+INsEWUX2UrRGCJmkKjxhyJKmCZbE2UpRNaZkS2M3ZhkSsiaZTIlZvzxOzd3bvde552md974furtPeeeZ/ndv57nd87znEtERERERERERERERERERERERERERERExFiZjA0GXdxwDAOJiIiI8gC+xwc9nx+Id/EJrh5Qd1CZf6s7gtWY1/XZZvgVDzfn2zRtRERE9HMjfsTnzd8d6zcc8GXLcjMwbRzEcRE+xbGGJOoRERExdg7HftZM0DdUk509MQFv4OCeeoPKtKk7gp+xBJs0n52E9yRBj4iIdm7EVWtRb6N11H+/dtomxrerca9tu6PVNo456ob5b/hMT6I+sg4CiYiIiNF5Gbv0fLY3fvJP0v4gTsCrLcqsbFGXmhA8h6PwJE7BApXYd4zgbkxXk40z1CQiIiKin21xH6biF5yHpbhLjTtbq/HpHOyELfEDjsBCvNLU2QczsTG+UePPDz3tLMF8dWN5Yzw7IKazcA1WNG1cjuNwGC7AhU1f3e0uG9L/KmyB3XAzHsN2LeIYZiJ2VWP297gSj2aJe0RExPgwBV91nX+pJjttyrSp27FAJeaTsD0+7rm+h5poTVeTlctaf4OIiPg/uMI/S9yPw614CnthLu7pKjsRJ+MGlbTvoVZ4vaOS5U3UWLQMz+MAdTN6gTXHn047NzV93N+UXd5c63Ut9se+6qn5h3hCrQCY0cTe2+6w/kdwOo5p2tAyjjYmYkc19i7t7EeLiIiIdWsOrl/fQfTxNnbHqeopeq8v8Hpz/ICaePWarb5fRET8Nw3bGz0Xt3Sd346Lm+Mnca96qgzPdJVbjEOxQ1P/PLyEt5rrU1XCO0lt1/q2q253O4fg/Ob4wSaeXq/iUfWE+7Eh36W73WH9v9D8/w6bjyIO2ufbE7HriGxMj4iIGA++VsvlOra35lPxYWXa1O32tJocHaieZgzTb2JxvfF58yEiItaPQUnoyq7jRWp5+RR1k3emeifLoub63WqZ90IchOsGtLMafzbHfw3o+2w1xp2obgDs2yK+Yf3/0XXcyZ/bxNFdvmOOutHdsUKWuEdERIw7S7CVWiI4Aafh8eba8dh0SJlhdfu5Ry3/W9bn2o5qYkLtv1vUp0xERETHQpzZHB+v3lD+R59yb6qnzqtUYrxEJeydcWbLpm6nnUEW48jmeIb+L3jbGa9hlnpHy7YqEZ48pN22/Y8mjmFWqHH4tCbeR7A6CXpERMTYW4AX1ctmPlcvzlmlBun78ZFaJri4KT9PTRwGlRlWt5/luHPAtY9wrnq7+y64bS2+X0RE/H9cgaPVz3zOVEvX+1mp3pHS2Ua1SC0nf785n62Wo883PNmdhUvwkHoC/3ufMneofefL1DL6pWrJ+6Xq10p261Onbf+jiWOQz9S4PU2N2dl2HhERERERETHGJss284iIiIiIiIiIiIiIiIiIiH/xN3UuEgZDOE/aAAAAAElFTkSuQmCC"`;

exports[`Correctly render scale line: Forward strand in Tb 1`] = `"data:image/png;base64,iVBORw0KGgoAAAANSUhEUgAAA+gAAAAOCAYAAAC8VjbmAAAABmJLR0QA/wD/AP+gvaeTAAAEIklEQVR4nO3dW4hVVRjA8X92zB6mkiAmNSQr9UEKU7rRhXqYXoq0qCe7Y3SDqBgtilKSKLCHQCGQLohaSIIVRARdZ0a6QU0XqVGkQCpKi6KhAamZHr61mT2Hs5f7iI2j/n8wzN5nr2+tdZ7WWrO/tQYkSZIkSZIkSZIkSZIkSZIkSRovncAxVQ8njWNHJEnSqI3AHuDrps8vBL4AvgUeqYitKpOLnQLsSj97gT9K9xekOEmSclYBvzE6fqw9tN0BYHfNcl3A3AnQj7uB74BryCzUJUnS+LocOI+xC/RJxITnbGAy8AlwcVNcVZk6sYX7gdWl+1NxgS5J2r9VwMMHEHfsQWq/VT11F8ZrgOvbqLdddfuxEhgB/gJ20LRQbxyEjkiSpPZ9AJzV9Nl84HdGF+2bgGuBbTXKDNWIzWkA64CFxCTjJmLyIElSzjTgRWAG8CewFBgAniMWoqcQY9NtwBnAVCKT6wqgB/gwxZwLdAPHAT8T49Depnr6gfXAK6nc2xV9ugV4FBhMdTwILAIuA+4E7kptlevdmWl/GDgJmAM8BWwFTqvRj5wOYDYxXu8BHgK2mOIuSdLEMR34sXS/m5jw1ClTJzZnHjHBWkhMUh5oI1aSdPRYxmiK+yLgGeBN4BwiO+v5UtkO4AbgCWLRPo/I7vqcWCxPAWYS4847xJar+cBmxo5DRT1PpjY2pLI/pGfNHgPOBxYQb82/AV4nMgC6Ut+b68213wBuBK5OdVCzH3V0ALOIMXigQfzVQJIk/T8Ol/1l3wMfp+uNxISrFecNknTky41dq4GnS/drgHvS9RvAC8RbZYC3SuX6gEuB01P8UuB94LP0fAax4D2B2Kr1Sym2XM8lwB3pehNjt2wVtgFbiDfcWzPfpVxvrv130+9fgRPb6AfUHzc7gNkNDp+JgyRJR7qfiJS5wkzGvhXPlakT246qCYXzBklSs6oxY6h03Uukl08n9mF3E+ex9Kbn64g07x7gIuDxinpGgH/S9b8Vbd9KHJx6HfEHgAU1+pdrf1/puhgH6/SjXL6wElhRuh/EFHdJkiakfuBkIk1wMrAEeC09WwwcnymTi61jFjEhgdh315spK0lSoQe4OV0vJk4o39ei3KfEW+dhYmHcTyzYi/Fmaoot6qnSB1yZrrtofcDbmcBHwHLifJZpxEK4M1Nv3fbb6UfOIJHavyT191VgxAW6JEmHxmbgPeLAmV3E4TnDxEC9AdhOpAr2pfIvEZOHqjK52Dq2A7cDXxKH1z17wN9MknQ0WQZcRfyLz24idb2VIeJ8lGI7VS+RTv5Vul9BpKOvJ7/YXQ7cC7xMvIH/u0WZtcS+851EGv0AkfJ+H/FfS+a0iKnbfjv9qLKDGLPnEuO128ckSZIkSRpnnbhdTJIkSZIkSZIkSZKk/fgPm3gCsLnao/8AAAAASUVORK5CYII="`;

exports[`Correctly render scale line: Forward strand in bytes 1`] = `"data:image/png;base64,iVBORw0KGgoAAAANSUhEUgAAA+gAAAAOCAYAAAC8VjbmAAAABmJLR0QA/wD/AP+gvaeTAAAEKklEQVR4nO3dSajVVRwH8E/2rEVWUpSaEVYOm4oGAqOBWtim0Ix2UlnYHC3CNCpSkSgwSFCQhAJTkygogqgWTQ40uEhLKTVxERWmFaEkSGmL87+8/7vce7vv8Xxqfj/weOc/nGF3zu9/hktERERERERERERERERERERERERERERExFAZhZPaPRw2hA2JiIiI7q3CHnzbdH8yvsZ3eKpFvtHV84iIiMG2EL9hZ/W39Og2B/zY5XtTMOkYaMdD+B5TdQjUIyIi4thyI67WN0AfpgyILsVwfIlrm/IlQI+IiCNlIZ4cQL6TB6n+VuV0GxgvwR39KLe/um3HfBzGPmzXFKj3DEJDIiIiYvB9ivFN9y7H73qD9tWYjg1N7/VgOa5SBgx34jR8hk9wthLsz1QGCBEREQM1Bq9iLP7ELGzDMiUQPUfpt+7BRRiJvbgJa5W+aRauwGycgl+UvmtvUzmbsAJrqvc+bNOmu/E09ldlPI5puAEP4MGqrnq5OzrUfwhnYiKex9s4v4t2dDICE5S+fA/m4q0BlBMRERFDZLy+M+i34p3a9XRlcFA3WhlITK6uF+HZ6v7fepf3za3uR0REdKt5ifs0JcB8tHo+Feuq9DK8Vsv7AS5R+rKNeAanYlf1/Cy9M8kz8Vybctbg/ip9L/5o0c4flA8BcEb1v3kGvbncTvW/XKXPxZZ+tKOVxgx6898+bO+pLiIiImLozceCI1DuLnxRpVfhRWVGfZcyqwHv4aUWeedV7YqIiBNXp73Ri/BC7XoJHq7S7+IVZVYZ3q+9tx7XY1yVf5ayqmtj9XwsVuJ0ZRvX7lreejnX4b4qvbpqT7MNymz0GmW2u516uZ3q/6j6/6vegL+bdtB9vD0CE3pkY3pERMTx4mdlSV3DBfipi3yNwUF9a9twrQcNCxyZjwYREfH/1S4IPVBLr1OWl5+nfAierZy30phxX66s7lqLa/Rd5VUv57CyIgz+aVP3TGUl2e3KB4Aru2hfp/oP1tKN+LmbdtTfb5ivfAxv2K+2xD2nuEdERBw/NilL8C5TAuwZ+i55b7hQGVxQ9tA1Bj/jlC/+cFftfkRExECtVfoUuE05ofxgi/e+UvqgQ0pgvEkJ2Bt90cgqb6Ocdtbj5io9ResD3i7G55ijnN0yRgmER3Uot9v6+9OOTvYr+95nVO19E4cToEdERByb3sDHyoE0O5XDdQ4pHflKbFWWEq5vkXersh9us7KPfXF1f4tycM5mJYhf3CJvREREfzyBW5Sf/5ytLF1v5YBycGljC9Y6ZTn5N9X1PGU5+gqdg905eASvKzPwf7V4Z6nS5+1QltFvU5a8P6b80snEFnm6rb8/7Whnu9KfT1L68mw7j4iIOMHk59ciIiKOvlE6bDPPz6xFREREREREDI3d//1KRERERERERBxV/wKK5uslFd3VQwAAAABJRU5ErkJggg=="`;

exports[`Correctly render scale line: Forward strand in kb 1`] = `"data:image/png;base64,iVBORw0KGgoAAAANSUhEUgAAA+gAAAAOCAYAAAC8VjbmAAAABmJLR0QA/wD/AP+gvaeTAAAEMklEQVR4nO3dWajVRRwH8E92LYNbSRBuIZnZghSltGFFPdhTpUmRYZaV7U+FWhSlZFFQbwqFVFJqYUq2EFEUlQttVNJCaUWBtGpRdNGQ0h7mf/B4uOd0rt1cvx8Q58x/lt/xZWbOf2YkIiIiIiIiIiIiIiIiIiIiIiIiIiIiImJnGYD9mj3ssxMDiYiI2NctxHp80pB/Oj7C57ijjfzeqDuwet5ufkRExGz8gq+rP3N3bThgXZvlxuLY3SCOG/EFLtRioR4RERH/v3Nwiu0X6H2USc4J6It3MaZFvl6qmwV6RET01GzcvgP19u+l/rtrp92F8Rxc3IN2e6rdOGZhK/7AWg0L9Y5eCCQiIiLa8yaObsg7Cb/atmhfhIuwqUn+ql6qW284nsF1+E6ZH8zDaGXCMVmZSERERDQahMcxBL9jKtbgYWUhergyHl2Fo9AfG3AuluOtqs7JmIYD8IMy9mxoaGc1nsDTVblXmsR0Je5EV9XGrRiHs3E9bqj6qm/3yxb9b8GhOAb3YxmOaCOOVjoxQhmj1+M2LM0W94iIiF1rsLIorlmnTHKa5fdW3ZrjsART8EGVN1KZbI1WJiy3tPdVIiJiHzDdti3u4/AQXsKJeBCP1pXtxCW4R1m0j1R2dH2oLJYPxFBlrHkNpyk/Pi+2/dhTa+e+qo8FVdlvq2eN7sKpGKW8Nf8Uzys7AMZWsTe226r/DlyO86s2tBlHOzoxTBl313QovxpERERE79lTzpQNVN4CTFDOqtd8g3eq9EJl8tWdzCEiIvZOrcaxB/FA3ec5uKlKv4DHlLfK8HJduZU4C0dW9afiDbxfPR+iLHgPVo5n/VRXt76dM3FtlV5UxdNoFZYqb7iXtfgu9e226v/16u+fcUgP4qD9sbITIzrsOZOIiIiIvdH3yja5mqHK2+9m+b1VF36r8sfYfoHeqNnkInOIiIig+TixqS69QtlePlg5hz1NuZtlRfV8nrLNeznOwN1N2tmKv6r03036nqJcljpB+QFgVBvxtep/c126Nva1E0d9+ZpZmFn3uUu2uEdEROw2VuMwZWtgX0zCcy3yYTz67WDden9WbU3BZXX5w5TJCeUM3goRERHdW44rqvR45Ybyzd2Ue09567xFWRivVhbstTGmf1W31k4zK3FelR6r+wvehuNtzFDuZBmkLIQHtGi33f57EkcrXcrW/klVvEuwNZfERURE7DyLlYXvAOX8272YrwzOC3AQnlQGfS3y5+N4/LgDdRt14QK8io3Kje+f4Wo8omx3n/xfvnREROzVpivnp29W/gu2a5qU26TciVI7QrUCE/Fx9Xmmsh39K+WNcjMzlG30E6v2NnZTZq6yk6wfnlXOvy/FU8rW+ku7qdNu/z2Jo5m1yr/bi3JcLCIiIiIiImKXGCBHxCIiIiIiIiIiIiIiIiIiIv7FP2zxG6dPzP96AAAAAElFTkSuQmCC"`;

exports[`Correctly render scale line: No strand in Gb 1`] = `"data:image/png;base64,iVBORw0KGgoAAAANSUhEUgAAA+gAAAAOCAYAAAC8VjbmAAAABmJLR0QA/wD/AP+gvaeTAAACkUlEQVR4nO3dvWtTURjH8W9CRYc6KVTUCoK1iOigiBYdHLpaFPQPcOyiOAm+0Ljo0kVHhaLgIoj4Rwi+ISIFNRUVFF0cBOviYOLw3NCbkHtzq0mj5vuBQO/J84TT6faXc88pSJIkSZIkSZIkSZKkfCVgpN+TkCRJkiTpPzFCZO22ym3GSsAU8BqY7tGkJEkaZLeBL8B8y/gB4DnwCjiX0ZtVU6R3HXALWADeA4+AY8l7G5J+SZLUO9NE1p4iJ6jDUjCvAt+AOlDp9ewkSRpAh4F9NAf0MvAW2AWsAh4DB1v6smqK9JaAh8DlpAZgHJhJfjagS5LUexUiay8SX5i3DeqTwMukqJ56GdAlSeqNbTQH9D3A09T1KWC2pSerpkjvfuAN7Z+egwjo88B14BlwH1jb6ZeQJEnL0gjojdci8A44AZTKxIr5PWAHMNynSUqSNOg2Ap9S1x+BTQVrivSOEyvktZw57ATmgL1EmD9TcO6SJOn3DANbiftvdQjYnlM8w9Kjb5IkaXly95b1QXo+V4EjwE9gLBlr7EuH2CffugrfUO/J7CRJGlzDwNgQcbOeBK4BozSvol/Cx9wlSVoJn4HNqestNK+K59UU6a0CF4lH3GvAaeA8EcqzZAXxv+2LB0mS/hUVmhfBvxMHx54F7qYLPSROkqSV07oHvUzsQdtNHOL2BDiUvHcUWJNTk9fbUCJWx68Aq5OxUeKPAog96DVgIrmeJQK9JEnqnkKHxKWlg7oBXZKk7rsDfAB+EKevn0zGJ4AXxA37Qqr+KxGg82qyxtPWAzeJ/eULwAPgePJe45C4G8nneEicJEndVyGydsdg3qpE/BN1SZIkSZL050Zwq5gkSZIkSZIkSZIkSR38ArUbiG/jHzfRAAAAAElFTkSuQmCC"`;

exports[`Correctly render scale line: No strand in Mb 1`] = `"data:image/png;base64,iVBORw0KGgoAAAANSUhEUgAAA+gAAAAOCAYAAAC8VjbmAAAABmJLR0QA/wD/AP+gvaeTAAACjklEQVR4nO3dPWgTYRzH8W/KiQrtHPGlKFhBiiKIYNHBoeBWFBRdHevmJIjSZHPo5KigS6UERMTBwclRhaJSfGmlCooughV1EcE6PBd6OS+XizZpMd8PFPo893+OJ9Pll6f5FyRJkiRJkiRJkiRJUr4SUF7tTUiSJEmS9J8oE7J2pr6MuRIwBrwCxju0KUmSetkU8AmYTc0fBJ4AL4ELTdY2q2m1NgKWgBuJuY3AV2A6Hm+K7yFJkjpjnJC1x8gJ6rAczOcID+sloNLp3UmS1IOOAAdoDOh9wAKwB1gHPAIOpdY1qymyNgK+AE+B9fHcCeAZBnRJkrqlQsja34B5UkG9foI+CjwHbgK7gIHu7lGSpJ7yAFhMze0DPhNC+0/CM/l4wZoiayG8IbgPHI3Hp4BaqiYCrgIzwB18TyBJUif0A0OEZ/YCcBIo9RFOzG8Du+MiSZLUfZuBD4nxe2BLwZoia+tqhGA+AAwCL1LXh4HrwH7gNXCu8CuQJEnt6gd2EJ69cxHhxLyZifhHkiS1pwJUV3sTGWYIH8qfBu5mXH8LPIx/nwImM2om8GtwkiStpH5gKCL8vfsocAXYRuMpehUfwJIkdcNHYGtiPEjjqXheTZG1SfeAy4TGcsMt9rWUMVdlbX74IEnSWleh8RD8O6Fx7HngVrLQJnGSJHXPTv5sEvcG2Eto9PYYOBxfOwZsyKnJW1sXsfy99+3A2cS9k03ifgEj8XgSuPT3L1GSJKXkNonLkgzqBnRJklZeDXgH/CA0hjkTz48QuqrPAxcT9YuE8JxX02y+LhnQk9IBfRa4Ft/LJnGSJK2sCiFrtwzmaSXCP1GXJEmSJEn/rkybwVySJEmSJEmSJEmSpN7zG8udiCSaYoDpAAAAAElFTkSuQmCC"`;

exports[`Correctly render scale line: No strand in Tb 1`] = `"data:image/png;base64,iVBORw0KGgoAAAANSUhEUgAAA+gAAAAOCAYAAAC8VjbmAAAABmJLR0QA/wD/AP+gvaeTAAACWElEQVR4nO3dv2sUQRTA8e8dJ1qcTZoTf0GQCCKKIKLBxiJ10MLqsLBMp5UggmetlaWCVSxEEf8AC8FGC1EJolGCoGijJGLSiEUs3h7uLbebTcJeovf9wMLO8B7MVbNv52YWJEmSJEmSJEmSJElSsRrQ2uhBSJIkSZL0n2gRtXZf9T59NWASeAdMVTQoSZKG3TTwDZjJ9J8AXgJvgcs5uXkxRblbgbnk+g78SLWPJ3mSJKlaU0StPUlBoQ5/C/NZ4CewDHSqHp0kSUPqFHCM3gK9ThTMh4AtwHPgZCYvL6ZMbtcF4HqqvQMLdEmSBqFD1NqLwHsyhXp3BX0CeAPcBfYD2wc7RkmShs4TYCHTdwSYJ4r238S8fKZkTJncIg3gFvACeITPApIkVakJjBHz9RxwFqjViRXzh8CBJEiSJG2MncCXVPszsKtkTJncIgeBO8BR4ANwcRW5kiRpbZrAKDEHzzaIFfM8V5NLkiStTeH+sk3kI/AsuZ8GbuTELQ9mOJIkDZUmMNYgHhwmgJvAHnpX0a/hPnRJkgblK7A71d5L76p4UUyZ3NXIK8T/lRcOkiRtRh16F8GXiENjLwEPunvQHxN/bWsTG9UXBzlCSZIEwCtgBDhMHPTWJvaDA5wGthXEFOWWMQqMJ/fngKfr+B2SJKnYErGlrA3sA+6T83I8fZq7q+eSJFXjHvAJ+EUcDnM+6R8HXhMvzK+k4heI09aLYvL6s/qd4j4D3E7yPSROkqRqdIhae8XPrGXViI+oS5IkSZKk9WvhdjFJkiRJkiRJkiRJklbwBw/Od8hX5JTPAAAAAElFTkSuQmCC"`;

exports[`Correctly render scale line: No strand in bytes 1`] = `"data:image/png;base64,iVBORw0KGgoAAAANSUhEUgAAA+gAAAAOCAYAAAC8VjbmAAAABmJLR0QA/wD/AP+gvaeTAAACXElEQVR4nO3dPYgTQRiH8Schdmdjk6CNhx8g4jeChxYW1gcWVkHB8iqxFeFiL9iKgtVZyKHY2BwWgo2KoiJ+nHIGFAsRFIyNWMTineDeuuaay27U5wcLmzc7YbrJf2dmFyRJkiRJkiRJkiRJ0nA1oFl1JyRJkiRJ+kc0iaxdqF5QqwHTwCtgZkSdkiRJw80Bn4BnufoB4DHwEjhT0K6VvpckSeNnhsja0wwJ6vArmC8CX4E+0Bl17yRJUqHDwH6WB/Q6sATsANYA94GDuXYGdEmSxleHyNo94DW5oD6YQT8CPAeuAluBteX2UZIk5dwBvuRqu4HPRGj/QYzbRwvaNoBLwCPgJjGut4ib8BeBeeA6jveSJFVlAthCjOVLwDGgVicG6xvAtnSRJEkaT+uBD5nP74ENBddtB64A+4A3wOlU3wRcIP4EPMjUJUlSNSaASWLcXmwQM+Z/MpsOSZK0+jrAuRH8bhe4l87ngPPEjHqXuDEPcIsI63mzuMVNkqSyDWbUgVji/oJYB9/PHA7QkiRVZzPL96DvBR5mPp8iwndWi1gqN7ALWEj1bqa+J9UlSVJ5BnvQB0cPeEtmiTvAbWI5XJvYqN4rv5+SJGkFT4B1wE7iIXFtYo953iQwlc6PA3fT+UbgUDo/kalLkqRyfSO2obWJLWjzRGD/TfZp7s6gS5JUjWvAO+A7MSN+MtWngKfEDfWzBe1axKz75XRd9iFxRXVJklSeDpG1V3zNWl6NeIm6JEn6+/n6NUmSqtdkSDBvDGnYBz6uenckSZIkSfo/mbElSZIkSRp3PwG93mhB0gvlOQAAAABJRU5ErkJggg=="`;

exports[`Correctly render scale line: No strand in kb 1`] = `"data:image/png;base64,iVBORw0KGgoAAAANSUhEUgAAA+gAAAAOCAYAAAC8VjbmAAAABmJLR0QA/wD/AP+gvaeTAAACYElEQVR4nO3dv2sTYRzH8XdCBIc4OKX4C0QriiiCCJY6OHSuP8DBTceOToIoxr2To4JTHURR/wQHB38gIkW0ShUUXQQr6iKCdXiew8uZu8bmLlbzfkEg98194bnp8snDfQOSJEmSJEmSJEmSJKlYDWj97UVIkiRJkvSfaBGydlf1LrUaMAk8B6YqWpQkScNoBvgAzGbq+4HHwDPgTA/1MnpH4ue91iVJUv+mCFl7koKgDr+C+RzwGVgE2lWvTpKkIXIQ2EdnQK8D88AuYBVwHxgvqFNSrwFdkqTBaxOy9hfgBZmgnuygTwBPgavANmDNYNcoSdJQuAMsZGp7gI+E0P6dcC8+UlAvqzdtC/AI2BuPG8ClWLuN3wskSSpbExgl3KPngWNArU7YMb8J7IgnSZKkwVkHvEsdvwXWF9TL6k1sB64DJwiBHGAncIUQ2F8Cp3q7FEmS9IeawGbCfXeuQdgxz3M+viRJUu8KnylbQUaAW8BRwrPqidfAvfh+BpjO6V+sbmmSJA2VJjDaIHyJmAAuAhvp3EW/gM+hS5JUpffAhtTxJsLud169rF6AT7E+TmdAz8oL4v/KDxGSJK0UbTo3wb8SBsieBm6kT3RInCRJ1dvK70PiXgG7CQPdHgAHCuoAh4HVy+xNJMPgmsBd4Hiq/gMYi8fTwLm+rliSJCUKh8R1kw7qBnRJkspzDXgDfCMMhDkZ62PAE8KN+mzq/Lz6AiFIL6c3kZ7WvhZ4CByK9Vngcux3SJwkSeVpE7L2ksE8q0b4E3VJkiRJktS/Fj4iJkmSJEmSJEmSJEnSEn4CSR2Q/OPUTKoAAAAASUVORK5CYII="`;

exports[`Correctly render scale line: Reverse strand in Gb 1`] = `"data:image/png;base64,iVBORw0KGgoAAAANSUhEUgAAA+gAAAAOCAYAAAC8VjbmAAAABmJLR0QA/wD/AP+gvaeTAAAEfklEQVR4nO3dWaxlUxoH8N8thU66UQqtxBRTS0iLoIUQkQ6ezIQHrQ2J6YVEzE0jYvaiJW6UF7MQSUk8IMZoYkoMIaEKkZhnCSXSHaU8fOvk7nvcc+6pqluq8P8llbPuut+39z71svYaLxERERERERERERERERERETHcGDZe1Q8RERERERER8Xswa4q6MRyMN3HaMlzrMnyJd/AWTlzhp/vl7I/tV+L131+J146IiF+fO/A5Xuur3wMv4w1cMCB3UMwouRvgVizCu3gOh7XfzWv5ERERsRrodcwX4hssxSXLkH8Zzmvl7fEd1pvJB+xYY4avdwOOXIn3Sgc9IiK69sXfTO6gz1KD3H/Fmngee/XlDYoZJXcMz+KKFkO11xe3cjroERERq9js9rkf/oPN8acZuO5CNTMwT3Vwx7G1ejk4Hy/gVWyDJfijGvHftt2/P/6RVrcUG+EVfIB/YTG+wAGYOyC367i+vDNxCPbBKTgVZ/Xd661WtxY+xrEtdxw/qoGIv+BKLMBmuLvFP7x8/4UREfEb9qRq87p2xlcmOu13qtntZ0aI+X6E3N2xIS5UbRfVXl/aiZmN+dhVDS4fi2+X9ctFRETE8uvOmPf/W94Z9F3wkuqcz8dBrX4j1RGfhfvx91Z/NG5u5UHx47itc7+3MaeV150m1zR5/TPo/feaqzr8cDwu78Td1Mp/xuutfDdObuUT8bWIiIjJtjV5Bv1A1Tb2HKbaEyPEjJL7T9w75HnmqY77Hu3na/HvIfERERExw2armd9BLjax9K1nbKrA5mw1C70ljlCz4/urGe3TW0xvZvoeHIXHVQf9xvb7QfHwYOdez+A+9QKyYJrcT6fJm0r3XpvidqyjlgV2r/dY+/zMRId/b5zUyneql5ypLB1y/4iI+PUb1mauCt3nuV4Nai/Bdq2uty+d2id/3YDrpP2KiIhYCWarxnrQEvdLLdss+rW4So3cj6vO9yz8A5/0xT7QYueqGfcnWv2geGoJX8/xapT/cLzYrjEsd1jeVLr3mo9z8RT2NHlG4f+dcu/FZyl+aOUlBr/IrG4vbhERsep8pLZI9WyBD0eMGSV3IS5SbeWPOENt+Xp3yDOl/YqIiPgF9ZZ/P4odcYw62XVF95stUJ3z09Qe7HNNNOa7tc/F6hCb61VnfUmrHxTfbxt12M05at/dJiPmTpW32PA/KTdHnWoPhw6J63la7YmnZvVn+lC7iIj47XlFDVrvpFZrHWNi2fqh+MOQmGG5PS+ov7ZyOdZudev3xWylBqKp/ef/XfGvFRERESuie5r78u5Bhx3UATMbq+Xhb6rOf3dv9xFqdH7vTt2cAfHjJneOH1J7vt/GNe25B+WaJm9X9X1fVkv+++91lFoaf6ta7tdb/t4f1zutfTM1WHAXrvbzWYyIiPh9uwfv4X/q9PUTWv2e6hDVReowt56v1R7xYTGD6rs2xC3q8NNFakC5dwbLPLUn/uZ2nfvV1q6IiIhYDYwZPqscERERERERERERERERERERERERERERETGDfgIrTBQWzetGPgAAAABJRU5ErkJggg=="`;

exports[`Correctly render scale line: Reverse strand in Mb 1`] = `"data:image/png;base64,iVBORw0KGgoAAAANSUhEUgAAA+gAAAAOCAYAAAC8VjbmAAAABmJLR0QA/wD/AP+gvaeTAAAEi0lEQVR4nO3de6ifdR0H8NeZZ17I5Riok7QwRUkppClsKBGh9U/lTNFAxTXQ8h//EC+Z1yHRxf7JoENTEGtTBsEiQbuYRjbUIp0Y5JUgzUulRk1EcTv+8Xl+nOc8/G7n7Mxt7v2Cw++77/l8nuf5nX+e5/O9PCMiIiIiIiIiIiIiIiIiIiKGm8Dhu/siIiIiIiIiIvYFi/r0TeDLeAqXzuFYN+M1PI9nsXanr+79cwaO34XHf2EXHjsiIvY+G/BvPNnpX4nH8Td8a0DuoJhRuZOYxh2tvoPwP9zd/Ht5c4yIiIjYzXqF+dPqZj2Nm+aQfzO+2bSPx5s4ZCEvsGW/BT7ej3DOLjxXCvSIiGj7LE4xu0BfpAa5P4nFeBSndvIGxYyTO4n/YisOaPrOwRNSoEdEROwRJpvP03ErjsLBC3Dcp9XMwHJV4E7h42oQ4Br8ST0QHIPt+JAa8T+2OX83/rdN3zQOVQ8XL+JabMN/8HksG5DbdlEn73Kcic/g6/gGruic69mmb3+8jAub3CnsUAMRx+E72Iwj1cPO/vj1/P6EERHxAfZ7dc9rOwmvmynaN+IsbBkj5q0xcql722/wBfwS52GTKux7JrEeK9QA84X4/xy/X0RERMxTe8a8+zPfGfRP4zFVnK/Hl5r+Q1Uhvgi/wOea/vNwW9MeFD+Fn7bO9xyWNu0Pj8g1Iq87g9491zJV8MMafLsV95OmfRj+2rTvxiVNey3eEBERMduxZs+gf1HdG3vOMjOzPSpmnNxJdT9aoQr4JWqmfbXZM+g71HJ5uAU3jPuFIiIiYudMqpnfQW5sftom+gU2rlSz0B/D2Wp2/Aw1o31ZE9Obmd6Ec/GAKtB/3Px+UDzc1zrXFvxcPVRsHpH76oi8ftrn+gh+ph5mFneO97vm819mCv7TcHHT3qgecPqZHnL+iIjYu92Edbv7Ivr4Cz6Br6pZ9K6/45GmvQE/6BNzo7kN4kdERMQYJlXBPWiJ+zpzuwHfgu+qkfspVXwvwgV4pRN7TxO7TM24P9j0D4qnlvD1rFEj/F/Bn5tjDMsdltdP+1zrcTX+gFVmzya802r3Bi+m8W7T3m5wIT5ssCMiIvYtL6ktUj0fxT/HjBknt+1edQ9eiRNHXFe/e9g6e+bgQ0RExF6tt/z7fnWDPh/P2Pm9ZptVcX6p2oN9tZli9OTmc5taWvdDVaxvb/oHxXcdg4dxldp3d8SYuf3ythn+X8otVW+1p5YCjvJHtSeemtVf6JfaRUTEB89WNWj9KbVa63wzy9ZX48AhMcNy+7kd16t3rHQdrQajqf3nD833C0VERMTOa7/Nfb570OEE9XKZw9Xy8KdU8d/e2322Gpk/rdW3dED8lNnF8a/Unu/n8P3mugflGpG3Qn3fx9WS/+65zlVL4+9US/16y9+7cb23tR+pBgvuwvcMn8WIiIh9zyb8A2+rt69/relfpV6i+gyua8W/ofaHD4sZ1N/T24Pe1d2D/qR6L8wTqshfMv7XioiIiF1lwvBZ5YiIiIiIiIiIiIiIiIiIiIiIiIiIiIiIBfQeBOAWTrHluwQAAAAASUVORK5CYII="`;

exports[`Correctly render scale line: Reverse strand in Tb 1`] = `"data:image/png;base64,iVBORw0KGgoAAAANSUhEUgAAA+gAAAAOCAYAAAC8VjbmAAAABmJLR0QA/wD/AP+gvaeTAAAEU0lEQVR4nO3dW4hVVRjA8f/Y6QJlxdBFu1KGBlJEGSVF9ZA9RWnXh5khE7pIEBk1dqGsDArsoRsJvkQ0JZIwlQ8RlZdSuj2olJSj0oPdb4RNBdJ4evjW4WwPZ+/2mTkz6vj/wXD22ef71t5nXvb+1lp7HZAkSZIkSZIkSZIkScU6gBP39UlIkiRJknQwmNBkXwdwDfA1ML+FthYDvwE7gG3AvBGf3diZBUwbxfZ3jmLbkqQDUx/wC/BFw/6LgY3AV8BDObl5MUW5hxPX6B3Ar8AfmfcXpTxJkrSfqBXmW4FdQBV4rIX8xcADaXsa8BdwTDtPMOOQNrf3AnDDKB7LAl2S1OgK4EL2LtAnEAXzOcChwKfAJQ15eTFlcmvuAZZk3k/CAl2SpH2ukl6vBJ4HTgWOakO7W4lRgUlEgbsUOJPoBHgQ+AzYDEwBhoAjid7+s9LxG+PfS/uqwPHAJuBb4GFgkBgJuArozMnNuqUh717gWuAy4A7gTuC+hmNtS/sOA34AelLuUmAP0RExFXgK6AdOAZan+HeH9y+UJI1za4nrXtZ5wO/Ui/bXgDnAhhIx/5TILVIBlgEXEB3LPcCfJXMlSVIbVIhiejIwsY3tnk/cJGwnitg+YBVR8H4ITCcK38uB1cDVRCG7G3g6Jx6ieL8xbW8HZhBT9I5O+/Jy92TO7ZGGvF3AW8A6YGUmLnusTuANomifCywginyI/2E3cEL6Lv3EqMSrxI3OPNrT6SFJGv9OAr7LvN8JzCwZUya3yHTgNuB24jq2AHiihXxJkjRCFWLkN8+i9JfVURB/PzEKfTpwPTE6PosY0b47xdRGplcANxFF7c3AS+nzvHiAdzLH2kAU1MuJorgo96f/yWsme6yTiYJ7IjFtMNveB+n1Z+odBZcSNzkQIxjZaYRZ1YLjS5LGh6Lr5v7kG+CTtN0HPJMT57VLkqRRUiFuHPKmuD9Oa8+hLyFGsecQI+eriWfiuoEfG2JXpdhOYsR9TdqfFw8xfa9mLrEYznXA56mNotyivGayx1oGLCRG5GcCj2Y+253Zrt2EVYF/0/YQ+TczB8pNmyRpbHxPPCZVcxp7j4oXxZTJbYXXLkmSxlhtFff3ialtXcAAI3/mrJ8ozucTU9cXUr+gz0ivg8QCNs8RxfpQ2p8X32gK8DHQS0ynn1wyt1neIMU/KXcssao9wOyCuJr1xDPxEKP67V7UTpI0Pm0iOq7PJWZsdQFvps9mA0cUxBTllnEG9SnxPcBHI/gekiRpGLI/s1YF3gbOJkahB0bY9pPAXcQz38cRi8ANUJ9+DjHNvTu91vQWxGe9CHxJLOC2hniWvkxus7yVKXYjzaf8LyI6HV6hXLHdS3z314lVev8ukSNJOrisIDqzpxKrr99KrJnSRTxWtYW4Lq9P8S8THcZ5MUW5ZWwh1k3ZTCxe9+ywv5kkSWq7DopHlSVJkiRJkiRJkiRJkiRJkiRJaqP/AInCCKCNS9C9AAAAAElFTkSuQmCC"`;

exports[`Correctly render scale line: Reverse strand in bytes 1`] = `"data:image/png;base64,iVBORw0KGgoAAAANSUhEUgAAA+gAAAAOCAYAAAC8VjbmAAAABmJLR0QA/wD/AP+gvaeTAAAEPUlEQVR4nO3dWYidRRYH8F/HKIJxIWM0ouKKCjKOK0QUEVGf3IKiD3ENjKMMjCBj3NAoKj4ouGJQn9wRhIgi4q5MgguiBnU0yUjcYGZ0RkGjT2r7cKrpry+3u9NJt3aS/w+aW7e6zlc3efnuqVP1NRERERERERERERERERERETG2Aez8e3+IiIiIiIiIiM3BjD59AzgFH+PiCVzrBvwfn2A1Fm7wp/vtnID9p/D6X0zhtSMiYtP0ML7G+z398/AuPsJVfeLmtt9HRETERmwoMV+J7zCI6yYQfwOuaO398QO2n8wP2LHFJF/vLpwxhXMlQY+IiIk6FkcYmaDPUAvhf8SWeBNH9cQlQY+IiNhIzWyvx+NO7I5Zk3DdlWrVf65KcJdgb7UIcCXewgrsg5+xjaoE7Nvm7x3/QusbxBy8hy9xNdbifzgRs0eJ7TqvJ+5SnIpj8BdchL/3zLW69W2Ff+OcFrsEv6iFiP1wM5ZiNzzWxj+3fv+FERGxmXtV3Re7DsY3hpP2RzAfy3vGzcR9OEwtEp+j7rWv4RX8QSX75+P7KfjsERERsZ66FfPen/WtoB+Kd1Ryfh9Obv1zVCI+A0/iuNZ/Fu5v7dHGL8GDnfn+hR1ae7txYo0T11tB751rtkr4qS8zN3XG3dvaO+GD1n4MF7b2QnwrIiJi4vY1soJ+krp/Dpmv7jldc9Xi8bz2/hZc2/p/Mnyk6/LWHxEREdPETFX5Hc3i9tM10G9gc5mqQu+B01V1/ARV0f5bGzNUmX4cZ+JllaDf034/2nh4tjPXcjyhvpgsHSf2v+PE9dOda1c8hG3VlsLu9V5qr18ZTviPxp9b+xH15aifwTHmj4iITd91uH4KrrsGb7T2w7hVLWKvUQvz8Axu6xO72MQW6CMiImKSHY9/qm1uk1FBn4//qK3fn6lV+16z2u9m41PDZ71HG78Ep3XeD+BIlfx+Ms5cXf3i+lXQu3O9rrbAa7HPjjJu6Kz559i6tWeq7fARERET1VtBPxRvd95fopLvrrnq/jbkT3i+9a/p9B/S+iMiImKaGNr+/SIOxAKssuHn0ZaqyvjF6gz25YYr74e317Xq4TZ34GlVbTfG+F77qMR5kTqPt8s6xvaLW2vsPym3g3qqPSMT8tEsU2fiqar+ZD/ULiIiNk/vqYXtg9SOrgVGbnkfspdaUKbOn/+jtfdUu7zg3E5/RERETAPd89mDeAoH4GyVqG+IG/FXXIMd1XnwVYa3n1Pb3M9ur0MWjTG+62515nu1euDNynWM7Rf3RBv7rv5b/herRYcHrFuyvUj92x9VT+H9cR1iIiIiuh5Xi937qYr4Beps+QJ17OpDdd9e1if2Q/UMlBWqCn976/9APSx1hUrib+8TGxEREdPQgLGryhEREbHxyJ9fi4iImOZ6n3DeNWjkw9AiIiIiIiIiIiIiIiIiIiI2Xb8Cmi3sevqNeG4AAAAASUVORK5CYII="`;

exports[`Correctly render scale line: Reverse strand in kb 1`] = `"data:image/png;base64,iVBORw0KGgoAAAANSUhEUgAAA+gAAAAOCAYAAAC8VjbmAAAABmJLR0QA/wD/AP+gvaeTAAAETElEQVR4nO3dWajmYxwH8M8ZQ8o2ppiRLUZGNJKhiCQZV3YiIUPZblzITpYk6w3KybjCIFKjXCBrlmzFTBQzQ8q+EyNLxrj4/d/mf97O+57tnWH4fur0Pv3O8/s/7//cPP9n+T+HiIiIiIiIiIiIiIiIiIiI6G8Is/7pLxERERERERHxfzBtlNgQjsb7OH8C17oe3+FDrMRZU/52688CzF2H1/9kHV47IiI2HIvxDd7pih+At/EerhhHfBC5s5vfjzceERER61FnYL4cP2ENrp1A/vW4rCnPxS/YapBfsGWjAV/vTpy4DtvKAD0iIuBQ7G/kAH2amtyeh43xOg7qEzeg3AzQIyIi/mWmN5+H4w7siM0HcN3laoVgthrgDmNXNQlwOd7AMszBamymZvh3a9rvrv90E1uDbbAUn+JKrMK3OAIze+S2ndGVdyGOwSE4F+fhoq62VjaxTfAFTm9yh/GXmojYHTdiCXbAQ039pyb3J4yIiP+gF1Rf17YPvrd20P4AjsOvPeKvDCi3bQ4ewTn4TD0fLMJ8Ncl8On4e911GRETEpLVXzLt/JruCvi/eUoPzRTiqiW+jBuLT8BgOa+In456m3Kv+MO5rtfcBZjTlLcfINUZe9wp6d1sz1YAfFuKGVr27m/K2eLcpP6Qecqit/j+IiIgouxm5gn6k6hM7jlP9SK9421RyOyvle6g+e14r/pfaIg+34uox7ikiIiIGYLpa+e3lmuanbWi0io2L1Sr0zjhBrY4vUCvaFzR1OivTD+MkPKcG6Hc1v+9VH55otfUKHlUPHEvGyP1qjLzRtNvaHvdjC7VVsH29Z5vPr60d8B+Ms5vyA+rhZjRr+rQfEREbrn595b/JbNUXHq8mtTs+wmtNeTFu65GffiwiImKApquHiF5b3K8zsVX0W3GTmqkfVoPvaTgNX3bVfbypO1OtuD/fxHvVp7bsdSxUs/vH483mGv1y++WNpt3WIlyKF3GgkSsJf7TKnQeyNfizKa/W+wFmQ3mAi4iIdedz9WpUx05qm3mv+KBy4ccmfpCRA/Ru6cciIiLWg87272ewF07FClN/z2yJGpyfr97BvtTaTny/5nOVOrTmdjVYX93Ee9XvNgev4hL1nt1248wdLW+V/v9SboY61R6O7VOv42X1Tjy1qj/oQ+0iIuK/Y6marN5b7dI6VW1P7xWn+qJNJ5nb9ltzrYU4pRXfRU1IU++fvzTlu4yIiIhJaZ/mPtl30GFPdbDMLLU9/H01+G+/232CmpU/uBWb0aP+sJGD4yfVO98f4Jbme/fKNUbefHW/b6st/91tnaS2xt+rtvl1tr931+uc1r6Dmix4EDcbfdUiIiL+fx7Gx/hdnbJ+ZhM/UB2eugJXter3iv+gtqdPJrejfVr71mpX2TFN/B11NswyNbDfYkJ3GREREQM3pP+qckRERERERERERERERERERERERERERETEAP0NFv8d6nIWy2sAAAAASUVORK5CYII="`;
